// Jest Snapshot v1, https://goo.gl/fbAQLP

exports[`Projects renders without crashing 1`] = `
<div>
  <Header />
  <h1>
    Projects
  </h1>
</div>
`;
